// Jest Snapshot v1, https://goo.gl/fbAQLP

exports[`<ErrorView /> should match snapshot 1`] = `
<DocumentFragment>
  <div
    class="mx_ErrorView"
  >
    <div
      class="mx_ErrorView_container"
    >
      <div
        class="mx_HomePage_header"
      >
        <span
          class="mx_HomePage_logo"
        >
          <img
            alt="Element"
            height="42"
            src="themes/element/img/logos/element-logo.svg"
          />
        </span>
        <h1>
          Failed to start
        </h1>
      </div>
      <div
        class="mx_HomePage_col"
      >
        <div
          class="mx_HomePage_row"
        >
          <div>
            <h2
              id="step1_heading"
            >
              TITLE
            </h2>
            <p>
              MSG1
            </p>
            <p>
              MSG2
            </p>
          </div>
        </div>
      </div>
      <div
        class="mx_HomePage_row mx_Center mx_Spacer"
      >
        <p
          class="mx_Spacer"
        >
          <a
            class="mx_FooterLink"
            href="https://element.io"
            target="_blank"
          >
            Go to element.io
          </a>
        </p>
      </div>
    </div>
  </div>
</DocumentFragment>
`;
